------------------------------------------------------------
TimeQuest Timing Analyzer Summary
------------------------------------------------------------

Type  : Slow 1100mV 85C Model Setup 'clk'
Slack : -5.162
TNS   : -796.936

Type  : Slow 1100mV 85C Model Hold 'clk'
Slack : 0.376
TNS   : 0.000

Type  : Slow 1100mV 85C Model Minimum Pulse Width 'clk'
Slack : -0.394
TNS   : -92.937

Type  : Slow 1100mV 0C Model Setup 'clk'
Slack : -5.284
TNS   : -802.334

Type  : Slow 1100mV 0C Model Hold 'clk'
Slack : 0.392
TNS   : 0.000

Type  : Slow 1100mV 0C Model Minimum Pulse Width 'clk'
Slack : -0.394
TNS   : -101.624

Type  : Fast 1100mV 85C Model Setup 'clk'
Slack : -2.291
TNS   : -355.080

Type  : Fast 1100mV 85C Model Hold 'clk'
Slack : 0.182
TNS   : 0.000

Type  : Fast 1100mV 85C Model Minimum Pulse Width 'clk'
Slack : -0.091
TNS   : -15.206

Type  : Fast 1100mV 0C Model Setup 'clk'
Slack : -2.128
TNS   : -321.449

Type  : Fast 1100mV 0C Model Hold 'clk'
Slack : 0.171
TNS   : 0.000

Type  : Fast 1100mV 0C Model Minimum Pulse Width 'clk'
Slack : -0.087
TNS   : -15.007

------------------------------------------------------------
